// Jest Snapshot v1, https://goo.gl/fbAQLP

exports[`Test if the Button component works properly To match snapshot 1`] = `
{
  "asFragment": [Function],
  "baseElement": <body>
    <div>
      <div
        class="outer-div"
      >
        <div
          class="inner-div"
        >
          <img
            alt="close button logo"
            src="assets/icons/close.svg"
          />
          <div
            class="header1"
          >
            Are you sure?
          </div>
          <div
            class="header2"
          >
            Do you really want to delete employee?
          </div>
          <br />
          <div
            class="popup-buttons"
          >
            <button
              class="primary"
              data-testid="button-test"
            >
              Confirm
            </button>
            <button
              class="secondary"
              data-testid="button-test"
            >
              Cancel
            </button>
          </div>
        </div>
      </div>
    </div>
  </body>,
  "container": <div>
    <div
      class="outer-div"
    >
      <div
        class="inner-div"
      >
        <img
          alt="close button logo"
          src="assets/icons/close.svg"
        />
        <div
          class="header1"
        >
          Are you sure?
        </div>
        <div
          class="header2"
        >
          Do you really want to delete employee?
        </div>
        <br />
        <div
          class="popup-buttons"
        >
          <button
            class="primary"
            data-testid="button-test"
          >
            Confirm
          </button>
          <button
            class="secondary"
            data-testid="button-test"
          >
            Cancel
          </button>
        </div>
      </div>
    </div>
  </div>,
  "debug": [Function],
  "findAllByAltText": [Function],
  "findAllByDisplayValue": [Function],
  "findAllByLabelText": [Function],
  "findAllByPlaceholderText": [Function],
  "findAllByRole": [Function],
  "findAllByTestId": [Function],
  "findAllByText": [Function],
  "findAllByTitle": [Function],
  "findByAltText": [Function],
  "findByDisplayValue": [Function],
  "findByLabelText": [Function],
  "findByPlaceholderText": [Function],
  "findByRole": [Function],
  "findByTestId": [Function],
  "findByText": [Function],
  "findByTitle": [Function],
  "getAllByAltText": [Function],
  "getAllByDisplayValue": [Function],
  "getAllByLabelText": [Function],
  "getAllByPlaceholderText": [Function],
  "getAllByRole": [Function],
  "getAllByTestId": [Function],
  "getAllByText": [Function],
  "getAllByTitle": [Function],
  "getByAltText": [Function],
  "getByDisplayValue": [Function],
  "getByLabelText": [Function],
  "getByPlaceholderText": [Function],
  "getByRole": [Function],
  "getByTestId": [Function],
  "getByText": [Function],
  "getByTitle": [Function],
  "queryAllByAltText": [Function],
  "queryAllByDisplayValue": [Function],
  "queryAllByLabelText": [Function],
  "queryAllByPlaceholderText": [Function],
  "queryAllByRole": [Function],
  "queryAllByTestId": [Function],
  "queryAllByText": [Function],
  "queryAllByTitle": [Function],
  "queryByAltText": [Function],
  "queryByDisplayValue": [Function],
  "queryByLabelText": [Function],
  "queryByPlaceholderText": [Function],
  "queryByRole": [Function],
  "queryByTestId": [Function],
  "queryByText": [Function],
  "queryByTitle": [Function],
  "rerender": [Function],
  "unmount": [Function],
}
`;
